LTspice 24.0.12 for Windows
Circuit: * C:\Users\asad1\OneDrive\Documents\BUT GEII\S5\SAE_ProjetTutoré\TECHNIQUE\SIGNAL_ANALOGIQUE\ELECTRONICS\SIMULATIONS\3V3 power from 5V.asc
Start Time: Tue Mar 11 15:31:12 2025
solver = Normal
Maximum thread count: 8



c1: Increased Cpar to 2.2e-10
WARNING: Specified period is not longer than the sum of Trise, Tfall, and Ton for i§load_or_microcontrollers_power_consumption.  Increasing period to 4
Direct Newton iteration failed to find .op point.  (Use ".option noopiter" to skip.)
Starting Gmin stepping
Gmin = 10
Gmin = 1.07374
Gmin = 0.115292
Gmin = 0.0123794
Gmin = 0.00132923
Gmin = 0.000142725
Gmin = 1.5325e-05
Gmin = 1.6455e-06
Gmin = 1.76685e-07
Gmin = 1.89714e-08
Gmin = 2.03704e-09
Gmin = 2.18725e-10
Gmin = 2.34854e-11
Gmin = 2.52173e-12
Gmin = 2.70769e-13
Gmin = 0
Gmin stepping succeeded in finding the operating point.

Semiconductor Device Operating Points:
                        --- Diodes ---
Name:    d:u2:1      d:u2:2      d:u2:3      d:u2:5        d1
Model:    u2:im       u2:do      u2:55ua     u2:10k      1n5819
Id:      1.70e-03    1.40e-02    5.50e-05    7.60e-10    1.58e-02
Vd:      1.38e+00    9.65e-01    2.64e+00    7.60e-06    2.21e-01
Req:     1.00e-02    1.00e+01    1.00e-04    1.00e-04    2.25e+00
CAP:     0.00e+00    0.00e+00    0.00e+00    0.00e+00    1.20e-10

                        --- VDMOSFET Transistors ---
Name:        m:u2:1
Model:        u2:q
Id:          1.40e-02
Vgs:         1.87e-04
Vds:         4.17e-01
Vth:         0.00e+00
Gm:          1.50e+02
Gds:         0.00e+00
Cgs:         0.00e+00
Cgd:         0.00e+00
Cbody:       0.00e+00























































































































































































































































































































































































































































































































































































































tnom = 27
temp = 27
method = modified trap
Total elapsed time: 4.476 seconds.

