LTspice 24.0.12 for Windows
Circuit: * C:\Users\asad1\OneDrive\Documents\BUT GEII\S5\SAE_ProjetTutoré\TECHNIQUE\SIGNAL_ANALOGIQUE\ELECTRONICS\SIMULATIONS\STM32 power.asc
Start Time: Fri Jan 17 12:01:48 2025
solver = Normal
Maximum thread count: 8
tnom = 27
temp = 27
method = modified trap
c1: Increased Cpar to 1e-11
WARNING: Specified period is not longer than the sum of Trise, Tfall, and Ton for i§load_or_microcontrollers_power_consumption.  Increasing period to 4
Direct Newton iteration failed to find .op point.  (Use ".option noopiter" to skip.)
Starting Gmin stepping
Gmin = 10
Gmin = 1.07374
Gmin = 0.115292
vernier = 0.5
vernier = 0.25
Gmin = 0.0756837
vernier = 0.333333
vernier = 0.444444
Gmin = 0.0307185
vernier = 0.592592
vernier = 0.790123
Gmin = 0.00757399
vernier = 1
Gmin = 0.000965423
Gmin = 0.000103662
Gmin = 1.11306e-05
Gmin = 1.19514e-06
Gmin = 1.28327e-07
Gmin = 1.3779e-08
Gmin = 1.47951e-09
Gmin = 1.58861e-10
Gmin = 1.70576e-11
Gmin = 1.83154e-12
Gmin = 1.9666e-13
Gmin = 0
Gmin stepping succeeded in finding the operating point.

Total elapsed time: 0.156 seconds.

