LTspice 24.0.12 for Windows
Circuit: * C:\Users\asad1\OneDrive\Documents\BUT GEII\S5\SAE_ProjetTutoré\TECHNIQUE\SIGNAL_ANALOGIQUE\ELECTRONICS\SIMULATIONS\Variable-3V3 source for Offset_5k.asc
Start Time: Mon Apr  7 15:39:03 2025
solver = Normal
Maximum thread count: 8



c1: Increased Cpar to 1e-11
WARNING: Specified period is not longer than the sum of Trise, Tfall, and Ton for i§load_or_microcontrollers_power_consumption.  Increasing period to 4
Direct Newton iteration failed to find .op point.  (Use ".option noopiter" to skip.)
Starting Gmin stepping
Gmin = 10
Gmin = 1.07374
Gmin = 0.115292
vernier = 0.5
vernier = 0.25
Gmin = 0.0756837
vernier = 0.333333
vernier = 0.444444
Gmin = 0.0307185
vernier = 0.592592
vernier = 0.790123
Gmin = 0.00757399
vernier = 1
Gmin = 0.000965423
Gmin = 0.000103662
Gmin = 1.11306e-05
Gmin = 1.19514e-06
Gmin = 1.28327e-07
Gmin = 1.3779e-08
Gmin = 1.47951e-09
Gmin = 1.58861e-10
Gmin = 1.70576e-11
Gmin = 1.83154e-12
Gmin = 1.9666e-13
Gmin = 0
Gmin stepping succeeded in finding the operating point.

Semiconductor Device Operating Points:
                        --- Diodes ---
Name:    d:u2:1      d:u2:2      d:u2:3      d:u2:5        d1
Model:    u2:im       u2:do      u2:55ua     u2:10k      1n5819
Id:      1.70e-03    9.98e-03    5.50e-05   -9.88e-08    1.17e-02
Vd:      8.81e+00    9.63e-01    1.01e+01   -9.88e-04    2.11e-01
Req:     1.00e-02    1.00e+01    1.00e-04    1.00e-04    3.02e+00
CAP:     0.00e+00    0.00e+00    0.00e+00    0.00e+00    1.19e-10

                        --- VDMOSFET Transistors ---
Name:        m:u2:1
Model:        u2:q
Id:          9.98e-03
Vgs:         1.58e-04
Vds:         7.85e+00
Vth:         0.00e+00
Gm:          1.26e+02
Gds:         0.00e+00
Cgs:         0.00e+00
Cgd:         0.00e+00
Cbody:       0.00e+00





















































































































































tnom = 27
temp = 27
method = modified trap
Total elapsed time: 1.385 seconds.

